<html>
<body>
<pre>
<h1>µVision Build Log</h1>
<h2>Tool Versions:</h2>
IDE-Version: µVision V5.17.0.0
Copyright (C) 2015 ARM Ltd and ARM Germany GmbH. All rights reserved.
License Information: dd sd sd Flex license: MDK-ARM Standard: 1 user(s) (mdk_std) Support: Dec 2015
 
Tool Versions:
Toolchain:       MDK-ARM Standard: 1 user(s)  Version: 5.17
Toolchain Path:  D:\Programy\Keil5\ARM\ARMCC\Bin
C Compiler:      Armcc.exe V5.06 update 1 (build 61)
Assembler:       Armasm.exe V5.06 update 1 (build 61)
Linker/Locator:  ArmLink.exe V5.06 update 1 (build 61)
Library Manager: ArmAr.exe V5.06 update 1 (build 61)
Hex Converter:   FromElf.exe V5.06 update 1 (build 61)
CPU DLL:         
Dialog DLL:      
Target DLL:      Segger\JL2CM3.dll V2.99.16.0
Dialog DLL:      TCM.DLL V1.14.6.0
 
<h2>Project:</h2>
D:\Dropbox\Dropbox\PROJEKT Czujnik Temperatury Bluetooth\Keil Czujnik temperatury\src\nRF5_SDK_12.1.0\examples\peripheral\rtc\pca10040\blank\arm5_no_packs\rtc_pca10040.uvprojx
Project File Date:  12/01/2016

<h2>Output:</h2>
*** Using Compiler 'V5.06 update 1 (build 61)', folder: 'D:\Programy\Keil5\ARM\ARMCC\Bin'
Build target 'nrf52832_xxaa'
compiling main.c...
..\..\..\main.c(66): warning:  #177-D: function "leds_config" was declared but never referenced
  static void leds_config(void)
..\..\..\main.c(84): warning:  #177-D: function "rtc_config" was declared but never referenced
  static void rtc_config(void)
..\..\..\main.c: 2 warnings, 0 errors
compiling nrf_drv_common.c...
compiling nrf_drv_clock.c...
compiling nrf_drv_rtc.c...
compiling app_error_weak.c...
compiling app_error.c...
linking...
Program Size: Code=1768 RO-data=1056 RW-data=16 ZI-data=8232  
FromELF: creating hex file...
".\_build\nrf52832_xxaa.axf" - 0 Error(s), 2 Warning(s).

<h2>Software Packages used:</h2>

Package Vendor: ARM
                http://www.keil.com/pack/ARM.CMSIS.4.5.0.pack
                ARM::CMSIS:CORE:4.3.0
                CMSIS (Cortex Microcontroller Software Interface Standard)
   * Component: CORE Version: 4.3.0

Package Vendor: NordicSemiconductor
                http://developer.nordicsemi.com/nRF5_SDK/pieces/nRF_DeviceFamilyPack/NordicSemiconductor.nRF_DeviceFamilyPack.8.9.0.pack
                NordicSemiconductor::Device:Startup:8.9.0
                Nordic Semiconductor nRF ARM devices Device Family Pack.
   * Component: Startup Version: 8.9.0

<h2>Collection of Component include folders:</h2>
  D:\Dropbox\Dropbox\PROJEKT Czujnik Temperatury Bluetooth\Keil Czujnik temperatury\src\nRF5_SDK_12.1.0\examples\peripheral\rtc\pca10040\blank\arm5_no_packs\RTE
  D:\Programy\Keil5\ARM\PACK\ARM\CMSIS\4.5.0\CMSIS\Include
  D:\Programy\Keil5\ARM\PACK\NordicSemiconductor\nRF_DeviceFamilyPack\8.9.0\Device\Include

<h2>Collection of Component Files used:</h2>

   * Component: ARM::CMSIS:CORE:4.3.0

   * Component: NordicSemiconductor::Device:Startup:8.9.0
      Source file:   Device\Source\arm\arm_startup_nrf52.s
      Source file:   Device\Source\system_nrf52.c
      Include file:  Device\Include\system_nrf52.h
Build Time Elapsed:  00:00:05
</pre>
</body>
</html>
